error: dynamic dispatch is forbidden
  --> $DIR/rejected.rs:10:15
   |
LL | type Erased = Box<dyn Work>;
   |               ^^^^^^^^^^^^^
   |
   = help: use a concrete type, a generic parameter / impl Trait, or an enum
   = note: `#[forbid(no_dyn)]` on by default

error: dynamic dispatch is forbidden
  --> $DIR/rejected.rs:10:19
   |
LL | type Erased = Box<dyn Work>;
   |                   ^^^^^^^^
   |
   = help: use a concrete type, a generic parameter / impl Trait, or an enum

error: dynamic dispatch is forbidden
  --> $DIR/rejected.rs:12:15
   |
LL |     callback: Option<fn(u8) -> u8>,
   |               ^^^^^^^^^^^^^^^^^^^^
   |
   = help: use a concrete type, a generic parameter / impl Trait, or an enum

error: dynamic dispatch is forbidden
  --> $DIR/rejected.rs:12:22
   |
LL |     callback: Option<fn(u8) -> u8>,
   |                      ^^^^^^^^^^^^
   |
   = help: use a concrete type, a generic parameter / impl Trait, or an enum

error: dynamic dispatch is forbidden
  --> $DIR/rejected.rs:13:11
   |
LL |     work: Vec<Erased>,
   |           ^^^^^^^^^^^
   |
   = help: use a concrete type, a generic parameter / impl Trait, or an enum

error: dynamic dispatch is forbidden
  --> $DIR/rejected.rs:13:15
   |
LL |     work: Vec<Erased>,
   |               ^^^^^^
   |
   = help: use a concrete type, a generic parameter / impl Trait, or an enum

error: dynamic dispatch is forbidden
  --> $DIR/rejected.rs:15:18
   |
LL | fn erased(value: &dyn Work) {
   |                  ^^^^^^^^^
   |
   = help: use a concrete type, a generic parameter / impl Trait, or an enum

error: dynamic dispatch is forbidden
  --> $DIR/rejected.rs:15:19
   |
LL | fn erased(value: &dyn Work) {
   |                   ^^^^^^^^
   |
   = help: use a concrete type, a generic parameter / impl Trait, or an enum

error: dynamic dispatch is forbidden
  --> $DIR/rejected.rs:15:11
   |
LL | fn erased(value: &dyn Work) {
   |           ^^^^^
   |
   = help: use a concrete type, a generic parameter / impl Trait, or an enum

error: dynamic dispatch is forbidden
  --> $DIR/rejected.rs:16:5
   |
LL |     value.run();
   |     ^^^^^
   |
   = help: use a concrete type, a generic parameter / impl Trait, or an enum

error: dynamic dispatch is forbidden
  --> $DIR/rejected.rs:23:12
   |
LL |     erased(&value);
   |            ^^^^^^
   |
   = help: use a concrete type, a generic parameter / impl Trait, or an enum

error: dynamic dispatch is forbidden
  --> $DIR/rejected.rs:24:34
   |
LL |     let callback: fn(u8) -> u8 = static_function;
   |                                  ^^^^^^^^^^^^^^^
   |
   = help: use a concrete type, a generic parameter / impl Trait, or an enum

error: dynamic dispatch is forbidden
  --> $DIR/rejected.rs:24:9
   |
LL |     let callback: fn(u8) -> u8 = static_function;
   |         ^^^^^^^^
   |
   = help: use a concrete type, a generic parameter / impl Trait, or an enum

error: dynamic dispatch is forbidden
  --> $DIR/rejected.rs:24:19
   |
LL |     let callback: fn(u8) -> u8 = static_function;
   |                   ^^^^^^^^^^^^
   |
   = help: use a concrete type, a generic parameter / impl Trait, or an enum

error: dynamic dispatch is forbidden
  --> $DIR/rejected.rs:25:13
   |
LL |     let _ = callback(1);
   |             ^^^^^^^^
   |
   = help: use a concrete type, a generic parameter / impl Trait, or an enum

error: dynamic dispatch is forbidden
  --> $DIR/rejected.rs:26:25
   |
LL |     let boxed: Erased = Box::new(value);
   |                         ^^^^^^^^^^^^^^^
   |
   = help: use a concrete type, a generic parameter / impl Trait, or an enum

error: dynamic dispatch is forbidden
  --> $DIR/rejected.rs:26:9
   |
LL |     let boxed: Erased = Box::new(value);
   |         ^^^^^
   |
   = help: use a concrete type, a generic parameter / impl Trait, or an enum

error: dynamic dispatch is forbidden
  --> $DIR/rejected.rs:26:16
   |
LL |     let boxed: Erased = Box::new(value);
   |                ^^^^^^
   |
   = help: use a concrete type, a generic parameter / impl Trait, or an enum

error: dynamic dispatch is forbidden
  --> $DIR/rejected.rs:27:5
   |
LL |     boxed.run();
   |     ^^^^^
   |
   = help: use a concrete type, a generic parameter / impl Trait, or an enum

error: dynamic dispatch is forbidden
  --> $DIR/rejected.rs:31:29
   |
LL |         fn generated(value: &dyn Work) {
   |                             ^^^^^^^^^
...
LL | nested!();
   | --------- in this macro invocation
   |
   = help: use a concrete type, a generic parameter / impl Trait, or an enum
   = note: this error originates in the macro `nested` (in Nightly b$DIRlds, run with -Z macro-backtrace for more info)

error: dynamic dispatch is forbidden
  --> $DIR/rejected.rs:31:30
   |
LL |         fn generated(value: &dyn Work) {
   |                              ^^^^^^^^
...
LL | nested!();
   | --------- in this macro invocation
   |
   = help: use a concrete type, a generic parameter / impl Trait, or an enum
   = note: this error originates in the macro `nested` (in Nightly b$DIRlds, run with -Z macro-backtrace for more info)

error: dynamic dispatch is forbidden
  --> $DIR/rejected.rs:31:22
   |
LL |         fn generated(value: &dyn Work) {
   |                      ^^^^^
...
LL | nested!();
   | --------- in this macro invocation
   |
   = help: use a concrete type, a generic parameter / impl Trait, or an enum
   = note: this error originates in the macro `nested` (in Nightly b$DIRlds, run with -Z macro-backtrace for more info)

error: dynamic dispatch is forbidden
  --> $DIR/rejected.rs:32:13
   |
LL |             value.run();
   |             ^^^^^
...
LL | nested!();
   | --------- in this macro invocation
   |
   = help: use a concrete type, a generic parameter / impl Trait, or an enum
   = note: this error originates in the macro `nested` (in Nightly b$DIRlds, run with -Z macro-backtrace for more info)

error: aborting due to 23 previous errors

